Archive member included to satisfy reference by file (symbol)

/opt/st/stm32cubeide_1.8.0/plugins/com.st.stm32cube.ide.mcu.externaltools.gnu-tools-for-stm32.9-2020-q2-update.linux64_2.0.0.202105311346/tools/bin/../lib/gcc/arm-none-eabi/9.3.1/../../../../arm-none-eabi/lib/thumb/v6-m/nofp/libc_nano.a(lib_a-errno.o)
                              ./Core/Src/syscalls.o (__errno)
/opt/st/stm32cubeide_1.8.0/plugins/com.st.stm32cube.ide.mcu.externaltools.gnu-tools-for-stm32.9-2020-q2-update.linux64_2.0.0.202105311346/tools/bin/../lib/gcc/arm-none-eabi/9.3.1/../../../../arm-none-eabi/lib/thumb/v6-m/nofp/libc_nano.a(lib_a-exit.o)
                              /opt/st/stm32cubeide_1.8.0/plugins/com.st.stm32cube.ide.mcu.externaltools.gnu-tools-for-stm32.9-2020-q2-update.linux64_2.0.0.202105311346/tools/bin/../lib/gcc/arm-none-eabi/9.3.1/../../../../arm-none-eabi/lib/thumb/v6-m/nofp/crt0.o (exit)
/opt/st/stm32cubeide_1.8.0/plugins/com.st.stm32cube.ide.mcu.externaltools.gnu-tools-for-stm32.9-2020-q2-update.linux64_2.0.0.202105311346/tools/bin/../lib/gcc/arm-none-eabi/9.3.1/../../../../arm-none-eabi/lib/thumb/v6-m/nofp/libc_nano.a(lib_a-impure.o)
                              /opt/st/stm32cubeide_1.8.0/plugins/com.st.stm32cube.ide.mcu.externaltools.gnu-tools-for-stm32.9-2020-q2-update.linux64_2.0.0.202105311346/tools/bin/../lib/gcc/arm-none-eabi/9.3.1/../../../../arm-none-eabi/lib/thumb/v6-m/nofp/libc_nano.a(lib_a-exit.o) (_global_impure_ptr)
/opt/st/stm32cubeide_1.8.0/plugins/com.st.stm32cube.ide.mcu.externaltools.gnu-tools-for-stm32.9-2020-q2-update.linux64_2.0.0.202105311346/tools/bin/../lib/gcc/arm-none-eabi/9.3.1/../../../../arm-none-eabi/lib/thumb/v6-m/nofp/libc_nano.a(lib_a-init.o)
                              /opt/st/stm32cubeide_1.8.0/plugins/com.st.stm32cube.ide.mcu.externaltools.gnu-tools-for-stm32.9-2020-q2-update.linux64_2.0.0.202105311346/tools/bin/../lib/gcc/arm-none-eabi/9.3.1/../../../../arm-none-eabi/lib/thumb/v6-m/nofp/crt0.o (__libc_init_array)
/opt/st/stm32cubeide_1.8.0/plugins/com.st.stm32cube.ide.mcu.externaltools.gnu-tools-for-stm32.9-2020-q2-update.linux64_2.0.0.202105311346/tools/bin/../lib/gcc/arm-none-eabi/9.3.1/../../../../arm-none-eabi/lib/thumb/v6-m/nofp/libc_nano.a(lib_a-memset.o)
                              /opt/st/stm32cubeide_1.8.0/plugins/com.st.stm32cube.ide.mcu.externaltools.gnu-tools-for-stm32.9-2020-q2-update.linux64_2.0.0.202105311346/tools/bin/../lib/gcc/arm-none-eabi/9.3.1/../../../../arm-none-eabi/lib/thumb/v6-m/nofp/crt0.o (memset)
/opt/st/stm32cubeide_1.8.0/plugins/com.st.stm32cube.ide.mcu.externaltools.gnu-tools-for-stm32.9-2020-q2-update.linux64_2.0.0.202105311346/tools/bin/../lib/gcc/arm-none-eabi/9.3.1/thumb/v6-m/nofp/libgcc.a(_udivsi3.o)
                              ./Core/Src/lcd_n1202.o (__aeabi_uidiv)
/opt/st/stm32cubeide_1.8.0/plugins/com.st.stm32cube.ide.mcu.externaltools.gnu-tools-for-stm32.9-2020-q2-update.linux64_2.0.0.202105311346/tools/bin/../lib/gcc/arm-none-eabi/9.3.1/thumb/v6-m/nofp/libgcc.a(_dvmd_tls.o)
                              /opt/st/stm32cubeide_1.8.0/plugins/com.st.stm32cube.ide.mcu.externaltools.gnu-tools-for-stm32.9-2020-q2-update.linux64_2.0.0.202105311346/tools/bin/../lib/gcc/arm-none-eabi/9.3.1/thumb/v6-m/nofp/libgcc.a(_udivsi3.o) (__aeabi_idiv0)

Allocating common symbols
Common symbol       size              file

uwTick              0x4               ./Drivers/STM32F0xx_HAL_Driver/Src/stm32f0xx_hal.o
pFlash              0x20              ./Drivers/STM32F0xx_HAL_Driver/Src/stm32f0xx_hal_flash.o

Discarded input sections

 .text          0x0000000000000000        0x0 /opt/st/stm32cubeide_1.8.0/plugins/com.st.stm32cube.ide.mcu.externaltools.gnu-tools-for-stm32.9-2020-q2-update.linux64_2.0.0.202105311346/tools/bin/../lib/gcc/arm-none-eabi/9.3.1/thumb/v6-m/nofp/crti.o
 .data          0x0000000000000000        0x0 /opt/st/stm32cubeide_1.8.0/plugins/com.st.stm32cube.ide.mcu.externaltools.gnu-tools-for-stm32.9-2020-q2-update.linux64_2.0.0.202105311346/tools/bin/../lib/gcc/arm-none-eabi/9.3.1/thumb/v6-m/nofp/crti.o
 .bss           0x0000000000000000        0x0 /opt/st/stm32cubeide_1.8.0/plugins/com.st.stm32cube.ide.mcu.externaltools.gnu-tools-for-stm32.9-2020-q2-update.linux64_2.0.0.202105311346/tools/bin/../lib/gcc/arm-none-eabi/9.3.1/thumb/v6-m/nofp/crti.o
 .data          0x0000000000000000        0x4 /opt/st/stm32cubeide_1.8.0/plugins/com.st.stm32cube.ide.mcu.externaltools.gnu-tools-for-stm32.9-2020-q2-update.linux64_2.0.0.202105311346/tools/bin/../lib/gcc/arm-none-eabi/9.3.1/thumb/v6-m/nofp/crtbegin.o
 .text          0x0000000000000000       0x80 /opt/st/stm32cubeide_1.8.0/plugins/com.st.stm32cube.ide.mcu.externaltools.gnu-tools-for-stm32.9-2020-q2-update.linux64_2.0.0.202105311346/tools/bin/../lib/gcc/arm-none-eabi/9.3.1/../../../../arm-none-eabi/lib/thumb/v6-m/nofp/crt0.o
[...]
Memory Configuration

Name             Origin             Length             Attributes
RAM              0x0000000020000000 0x0000000000001000 xrw
FLASH            0x0000000008000000 0x0000000000008000 xr
*default*        0x0000000000000000 0xffffffffffffffff

Linker script and memory map

LOAD /opt/st/stm32cubeide_1.8.0/plugins/com.st.stm32cube.ide.mcu.externaltools.gnu-tools-for-stm32.9-2020-q2-update.linux64_2.0.0.202105311346/tools/bin/../lib/gcc/arm-none-eabi/9.3.1/thumb/v6-m/nofp/crti.o
LOAD /opt/st/stm32cubeide_1.8.0/plugins/com.st.stm32cube.ide.mcu.externaltools.gnu-tools-for-stm32.9-2020-q2-update.linux64_2.0.0.202105311346/tools/bin/../lib/gcc/arm-none-eabi/9.3.1/thumb/v6-m/nofp/crtbegin.o
LOAD /opt/st/stm32cubeide_1.8.0/plugins/com.st.stm32cube.ide.mcu.externaltools.gnu-tools-for-stm32.9-2020-q2-update.linux64_2.0.0.202105311346/tools/bin/../lib/gcc/arm-none-eabi/9.3.1/../../../../arm-none-eabi/lib/thumb/v6-m/nofp/crt0.o
LOAD ./Core/Src/lcd_n1202.o
LOAD ./Core/Src/lcd_n1202_stm32f.o
LOAD ./Core/Src/main.o
LOAD ./Core/Src/stm32f0xx_hal_msp.o
LOAD ./Core/Src/stm32f0xx_it.o
LOAD ./Core/Src/syscalls.o
LOAD ./Core/Src/sysmem.o
LOAD ./Core/Src/system_stm32f0xx.o
LOAD ./Core/Startup/startup_stm32f030k6tx.o
LOAD ./Drivers/STM32F0xx_HAL_Driver/Src/stm32f0xx_hal.o
LOAD ./Drivers/STM32F0xx_HAL_Driver/Src/stm32f0xx_hal_cortex.o
LOAD ./Drivers/STM32F0xx_HAL_Driver/Src/stm32f0xx_hal_dma.o
LOAD ./Drivers/STM32F0xx_HAL_Driver/Src/stm32f0xx_hal_exti.o
LOAD ./Drivers/STM32F0xx_HAL_Driver/Src/stm32f0xx_hal_flash.o
LOAD ./Drivers/STM32F0xx_HAL_Driver/Src/stm32f0xx_hal_flash_ex.o
LOAD ./Drivers/STM32F0xx_HAL_Driver/Src/stm32f0xx_hal_gpio.o
LOAD ./Drivers/STM32F0xx_HAL_Driver/Src/stm32f0xx_hal_i2c.o
LOAD ./Drivers/STM32F0xx_HAL_Driver/Src/stm32f0xx_hal_i2c_ex.o
LOAD ./Drivers/STM32F0xx_HAL_Driver/Src/stm32f0xx_hal_pwr.o
LOAD ./Drivers/STM32F0xx_HAL_Driver/Src/stm32f0xx_hal_pwr_ex.o
LOAD ./Drivers/STM32F0xx_HAL_Driver/Src/stm32f0xx_hal_rcc.o
LOAD ./Drivers/STM32F0xx_HAL_Driver/Src/stm32f0xx_hal_rcc_ex.o
LOAD ./Drivers/STM32F0xx_HAL_Driver/Src/stm32f0xx_hal_tim.o
LOAD ./Drivers/STM32F0xx_HAL_Driver/Src/stm32f0xx_hal_tim_ex.o
START GROUP
LOAD /opt/st/stm32cubeide_1.8.0/plugins/com.st.stm32cube.ide.mcu.externaltools.gnu-tools-for-stm32.9-2020-q2-update.linux64_2.0.0.202105311346/tools/bin/../lib/gcc/arm-none-eabi/9.3.1/../../../../arm-none-eabi/lib/thumb/v6-m/nofp/libc_nano.a
LOAD /opt/st/stm32cubeide_1.8.0/plugins/com.st.stm32cube.ide.mcu.externaltools.gnu-tools-for-stm32.9-2020-q2-update.linux64_2.0.0.202105311346/tools/bin/../lib/gcc/arm-none-eabi/9.3.1/../../../../arm-none-eabi/lib/thumb/v6-m/nofp/libm.a
END GROUP
START GROUP
LOAD /opt/st/stm32cubeide_1.8.0/plugins/com.st.stm32cube.ide.mcu.externaltools.gnu-tools-for-stm32.9-2020-q2-update.linux64_2.0.0.202105311346/tools/bin/../lib/gcc/arm-none-eabi/9.3.1/thumb/v6-m/nofp/libgcc.a
LOAD /opt/st/stm32cubeide_1.8.0/plugins/com.st.stm32cube.ide.mcu.externaltools.gnu-tools-for-stm32.9-2020-q2-update.linux64_2.0.0.202105311346/tools/bin/../lib/gcc/arm-none-eabi/9.3.1/../../../../arm-none-eabi/lib/thumb/v6-m/nofp/libc_nano.a
END GROUP
START GROUP
LOAD /opt/st/stm32cubeide_1.8.0/plugins/com.st.stm32cube.ide.mcu.externaltools.gnu-tools-for-stm32.9-2020-q2-update.linux64_2.0.0.202105311346/tools/bin/../lib/gcc/arm-none-eabi/9.3.1/thumb/v6-m/nofp/libgcc.a
LOAD /opt/st/stm32cubeide_1.8.0/plugins/com.st.stm32cube.ide.mcu.externaltools.gnu-tools-for-stm32.9-2020-q2-update.linux64_2.0.0.202105311346/tools/bin/../lib/gcc/arm-none-eabi/9.3.1/../../../../arm-none-eabi/lib/thumb/v6-m/nofp/libc_nano.a
LOAD /opt/st/stm32cubeide_1.8.0/plugins/com.st.stm32cube.ide.mcu.externaltools.gnu-tools-for-stm32.9-2020-q2-update.linux64_2.0.0.202105311346/tools/bin/../lib/gcc/arm-none-eabi/9.3.1/../../../../arm-none-eabi/lib/thumb/v6-m/nofp/libnosys.a
END GROUP
START GROUP
LOAD /opt/st/stm32cubeide_1.8.0/plugins/com.st.stm32cube.ide.mcu.externaltools.gnu-tools-for-stm32.9-2020-q2-update.linux64_2.0.0.202105311346/tools/bin/../lib/gcc/arm-none-eabi/9.3.1/thumb/v6-m/nofp/libgcc.a
LOAD /opt/st/stm32cubeide_1.8.0/plugins/com.st.stm32cube.ide.mcu.externaltools.gnu-tools-for-stm32.9-2020-q2-update.linux64_2.0.0.202105311346/tools/bin/../lib/gcc/arm-none-eabi/9.3.1/../../../../arm-none-eabi/lib/thumb/v6-m/nofp/libc_nano.a
LOAD /opt/st/stm32cubeide_1.8.0/plugins/com.st.stm32cube.ide.mcu.externaltools.gnu-tools-for-stm32.9-2020-q2-update.linux64_2.0.0.202105311346/tools/bin/../lib/gcc/arm-none-eabi/9.3.1/../../../../arm-none-eabi/lib/thumb/v6-m/nofp/libnosys.a
END GROUP
LOAD /opt/st/stm32cubeide_1.8.0/plugins/com.st.stm32cube.ide.mcu.externaltools.gnu-tools-for-stm32.9-2020-q2-update.linux64_2.0.0.202105311346/tools/bin/../lib/gcc/arm-none-eabi/9.3.1/thumb/v6-m/nofp/crtend.o
LOAD /opt/st/stm32cubeide_1.8.0/plugins/com.st.stm32cube.ide.mcu.externaltools.gnu-tools-for-stm32.9-2020-q2-update.linux64_2.0.0.202105311346/tools/bin/../lib/gcc/arm-none-eabi/9.3.1/thumb/v6-m/nofp/crtn.o
                0x0000000020001000                _estack = (ORIGIN (RAM) + LENGTH (RAM))
                0x0000000000000200                _Min_Heap_Size = 0x200
                0x0000000000000400                _Min_Stack_Size = 0x400

.isr_vector     0x0000000008000000       0xc0
                0x0000000008000000                . = ALIGN (0x4)
 *(.isr_vector)
 .isr_vector    0x0000000008000000       0xc0 ./Core/Startup/startup_stm32f030k6tx.o
                0x0000000008000000                g_pfnVectors
                0x00000000080000c0                . = ALIGN (0x4)

.text           0x00000000080000c0     0x1c84
                0x00000000080000c0                . = ALIGN (0x4)
 *(.text)
 .text          0x00000000080000c0       0x48 /opt/st/stm32cubeide_1.8.0/plugins/com.st.stm32cube.ide.mcu.externaltools.gnu-tools-for-stm32.9-2020-q2-update.linux64_2.0.0.202105311346/tools/bin/../lib/gcc/arm-none-eabi/9.3.1/thumb/v6-m/nofp/crtbegin.o
 .text          0x0000000008000108      0x114 /opt/st/stm32cubeide_1.8.0/plugins/com.st.stm32cube.ide.mcu.externaltools.gnu-tools-for-stm32.9-2020-q2-update.linux64_2.0.0.202105311346/tools/bin/../lib/gcc/arm-none-eabi/9.3.1/thumb/v6-m/nofp/libgcc.a(_udivsi3.o)
                0x0000000008000108                __udivsi3
                0x0000000008000108                __aeabi_uidiv
                0x0000000008000214                __aeabi_uidivmod
 .text          0x000000000800021c        0x4 /opt/st/stm32cubeide_1.8.0/plugins/com.st.stm32cube.ide.mcu.externaltools.gnu-tools-for-stm32.9-2020-q2-update.linux64_2.0.0.202105311346/tools/bin/../lib/gcc/arm-none-eabi/9.3.1/thumb/v6-m/nofp/libgcc.a(_dvmd_tls.o)
                0x000000000800021c                __aeabi_ldiv0
                0x000000000800021c                __aeabi_idiv0
 *(.text*)
 .text.lcdn1202_init
                0x0000000008000220       0x50 ./Core/Src/lcd_n1202.o
                0x0000000008000220                lcdn1202_init
 .text.lcdn1202_sendcom
                0x0000000008000270       0x20 ./Core/Src/lcd_n1202.o
                0x0000000008000270                lcdn1202_sendcom
 .text.lcdn1202_senddat
                0x0000000008000290       0x20 ./Core/Src/lcd_n1202.o
                0x0000000008000290                lcdn1202_senddat
 .text.lcdn1202_setpos
                0x00000000080002b0       0x5e ./Core/Src/lcd_n1202.o
                0x00000000080002b0                lcdn1202_setpos
 .text.lcdn1202_clear
                0x000000000800030e       0x52 ./Core/Src/lcd_n1202.o
                0x000000000800030e                lcdn1202_clear
 .text.LCD_setpos
                0x0000000008000360       0x2a ./Core/Src/lcd_n1202.o
                0x0000000008000360                LCD_setpos
 .text.LCD_drawbyte
                0x000000000800038a       0x1e ./Core/Src/lcd_n1202.o
                0x000000000800038a                LCD_drawbyte
 .text.LCD_drawchar
                0x00000000080003a8      0x100 ./Core/Src/lcd_n1202.o
                0x00000000080003a8                LCD_drawchar
 .text.LCD_drawtext
                0x00000000080004a8       0x5c ./Core/Src/lcd_n1202.o
                0x00000000080004a8                LCD_drawtext
 .text.LCD_drawint
                0x0000000008000504       0xc8 ./Core/Src/lcd_n1202.o
                0x0000000008000504                LCD_drawint
 .text.LCD_clear
                0x00000000080005cc       0x1a ./Core/Src/lcd_n1202.o
                0x00000000080005cc                LCD_clear
 .text.LCD_clearblock
                0x00000000080005e6       0x64 ./Core/Src/lcd_n1202.o
                0x00000000080005e6                LCD_clearblock
 .text.LCD_normal
                0x000000000800064a       0x10 ./Core/Src/lcd_n1202.o
                0x000000000800064a                LCD_normal
 .text.LCD_reverse
                0x000000000800065a       0x10 ./Core/Src/lcd_n1202.o
                0x000000000800065a                LCD_reverse
 .text.LCD_BL_ON
                0x000000000800066a        0xe ./Core/Src/lcd_n1202.o
                0x000000000800066a                LCD_BL_ON
 .text.LCD_BL_OFF
                0x0000000008000678        0xe ./Core/Src/lcd_n1202.o
                0x0000000008000678                LCD_BL_OFF
 *fill*         0x0000000008000686        0x2 
 .text.lcdn1202_gpio_init
                0x0000000008000688       0x74 ./Core/Src/lcd_n1202_stm32f.o
                0x0000000008000688                lcdn1202_gpio_init
 .text.lcdn1202_9bsend
                0x00000000080006fc       0xb2 ./Core/Src/lcd_n1202_stm32f.o
                0x00000000080006fc                lcdn1202_9bsend
 .text.lcdn1202_clock1
                0x00000000080007ae       0x2c ./Core/Src/lcd_n1202_stm32f.o
                0x00000000080007ae                lcdn1202_clock1
 .text.lcdn1202_blon
                0x00000000080007da       0x18 ./Core/Src/lcd_n1202_stm32f.o
                0x00000000080007da                lcdn1202_blon
 .text.lcdn1202_bloff
                0x00000000080007f2       0x18 ./Core/Src/lcd_n1202_stm32f.o
                0x00000000080007f2                lcdn1202_bloff
 .text.main     0x000000000800080a       0xf2 ./Core/Src/main.o
                0x000000000800080a                main
 .text.SystemClock_Config
                0x00000000080008fc       0x80 ./Core/Src/main.o
                0x00000000080008fc                SystemClock_Config
 .text.drawInt  0x000000000800097c       0x74 ./Core/Src/main.o
                0x000000000800097c                drawInt
 .text.drawAlphanum
                0x00000000080009f0       0x7c ./Core/Src/main.o
                0x00000000080009f0                drawAlphanum
 .text.drawPunct
                0x0000000008000a6c       0x3c ./Core/Src/main.o
                0x0000000008000a6c                drawPunct
 .text.drawFrame
                0x0000000008000aa8      0x17a ./Core/Src/main.o
                0x0000000008000aa8                drawFrame
 .text.drawArrow
                0x0000000008000c22       0xaa ./Core/Src/main.o
                0x0000000008000c22                drawArrow
 .text.drawBytes
                0x0000000008000ccc       0xac ./Core/Src/main.o
                0x0000000008000ccc                drawBytes
 .text.drawLoadingBar
                0x0000000008000d78       0x50 ./Core/Src/main.o
                0x0000000008000d78                drawLoadingBar
 .text.Error_Handler
                0x0000000008000dc8        0xa ./Core/Src/main.o
                0x0000000008000dc8                Error_Handler
 *fill*         0x0000000008000dd2        0x2 
 .text.HAL_MspInit
                0x0000000008000dd4       0x48 ./Core/Src/stm32f0xx_hal_msp.o
                0x0000000008000dd4                HAL_MspInit
 .text.NMI_Handler
                0x0000000008000e1c        0x6 ./Core/Src/stm32f0xx_it.o
                0x0000000008000e1c                NMI_Handler
 .text.HardFault_Handler
                0x0000000008000e22        0x6 ./Core/Src/stm32f0xx_it.o
                0x0000000008000e22                HardFault_Handler
 .text.SVC_Handler
                0x0000000008000e28        0xa ./Core/Src/stm32f0xx_it.o
                0x0000000008000e28                SVC_Handler
 .text.PendSV_Handler
                0x0000000008000e32        0xa ./Core/Src/stm32f0xx_it.o
                0x0000000008000e32                PendSV_Handler
 .text.SysTick_Handler
                0x0000000008000e3c        0xe ./Core/Src/stm32f0xx_it.o
                0x0000000008000e3c                SysTick_Handler
 .text.SystemInit
                0x0000000008000e4a        0xa ./Core/Src/system_stm32f0xx.o
                0x0000000008000e4a                SystemInit
 .text.Reset_Handler
                0x0000000008000e54       0x50 ./Core/Startup/startup_stm32f030k6tx.o
                0x0000000008000e54                Reset_Handler
 .text.Default_Handler
                0x0000000008000ea4        0x2 ./Core/Startup/startup_stm32f030k6tx.o
                0x0000000008000ea4                TIM1_CC_IRQHandler
                0x0000000008000ea4                I2C1_IRQHandler
                0x0000000008000ea4                SPI1_IRQHandler
                0x0000000008000ea4                EXTI2_3_IRQHandler
                0x0000000008000ea4                ADC1_IRQHandler
                0x0000000008000ea4                TIM17_IRQHandler
                0x0000000008000ea4                RTC_IRQHandler
                0x0000000008000ea4                TIM16_IRQHandler
                0x0000000008000ea4                TIM3_IRQHandler
                0x0000000008000ea4                EXTI4_15_IRQHandler
                0x0000000008000ea4                RCC_IRQHandler
                0x0000000008000ea4                DMA1_Channel1_IRQHandler
                0x0000000008000ea4                Default_Handler
                0x0000000008000ea4                TIM14_IRQHandler
                0x0000000008000ea4                DMA1_Channel4_5_IRQHandler
                0x0000000008000ea4                EXTI0_1_IRQHandler
                0x0000000008000ea4                WWDG_IRQHandler
                0x0000000008000ea4                DMA1_Channel2_3_IRQHandler
                0x0000000008000ea4                FLASH_IRQHandler
                0x0000000008000ea4                USART1_IRQHandler
                0x0000000008000ea4                TIM1_BRK_UP_TRG_COM_IRQHandler
 *fill*         0x0000000008000ea6        0x2 
 .text.HAL_Init
                0x0000000008000ea8       0x28 ./Drivers/STM32F0xx_HAL_Driver/Src/stm32f0xx_hal.o
                0x0000000008000ea8                HAL_Init
 .text.HAL_InitTick
                0x0000000008000ed0       0x68 ./Drivers/STM32F0xx_HAL_Driver/Src/stm32f0xx_hal.o
                0x0000000008000ed0                HAL_InitTick
 .text.HAL_IncTick
                0x0000000008000f38       0x24 ./Drivers/STM32F0xx_HAL_Driver/Src/stm32f0xx_hal.o
                0x0000000008000f38                HAL_IncTick
 .text.HAL_GetTick
                0x0000000008000f5c       0x14 ./Drivers/STM32F0xx_HAL_Driver/Src/stm32f0xx_hal.o
                0x0000000008000f5c                HAL_GetTick
 .text.HAL_Delay
                0x0000000008000f70       0x48 ./Drivers/STM32F0xx_HAL_Driver/Src/stm32f0xx_hal.o
                0x0000000008000f70                HAL_Delay
 .text.__NVIC_SetPriority
                0x0000000008000fb8       0xdc ./Drivers/STM32F0xx_HAL_Driver/Src/stm32f0xx_hal_cortex.o
 .text.SysTick_Config
                0x0000000008001094       0x48 ./Drivers/STM32F0xx_HAL_Driver/Src/stm32f0xx_hal_cortex.o
 .text.HAL_NVIC_SetPriority
                0x00000000080010dc       0x2a ./Drivers/STM32F0xx_HAL_Driver/Src/stm32f0xx_hal_cortex.o
                0x00000000080010dc                HAL_NVIC_SetPriority
 .text.HAL_SYSTICK_Config
                0x0000000008001106       0x1a ./Drivers/STM32F0xx_HAL_Driver/Src/stm32f0xx_hal_cortex.o
                0x0000000008001106                HAL_SYSTICK_Config
 .text.HAL_GPIO_Init
                0x0000000008001120      0x2e0 ./Drivers/STM32F0xx_HAL_Driver/Src/stm32f0xx_hal_gpio.o
                0x0000000008001120                HAL_GPIO_Init
 .text.HAL_GPIO_WritePin
                0x0000000008001400       0x3a ./Drivers/STM32F0xx_HAL_Driver/Src/stm32f0xx_hal_gpio.o
                0x0000000008001400                HAL_GPIO_WritePin
 *fill*         0x000000000800143a        0x2 
 .text.HAL_RCC_OscConfig
                0x000000000800143c      0x634 ./Drivers/STM32F0xx_HAL_Driver/Src/stm32f0xx_hal_rcc.o
                0x000000000800143c                HAL_RCC_OscConfig
 .text.HAL_RCC_ClockConfig
                0x0000000008001a70      0x19c ./Drivers/STM32F0xx_HAL_Driver/Src/stm32f0xx_hal_rcc.o
                0x0000000008001a70                HAL_RCC_ClockConfig
 .text.HAL_RCC_GetSysClockFreq
                0x0000000008001c0c       0xc8 ./Drivers/STM32F0xx_HAL_Driver/Src/stm32f0xx_hal_rcc.o
                0x0000000008001c0c                HAL_RCC_GetSysClockFreq
 .text.__libc_init_array
                0x0000000008001cd4       0x48 /opt/st/stm32cubeide_1.8.0/plugins/com.st.stm32cube.ide.mcu.externaltools.gnu-tools-for-stm32.9-2020-q2-update.linux64_2.0.0.202105311346/tools/bin/../lib/gcc/arm-none-eabi/9.3.1/../../../../arm-none-eabi/lib/thumb/v6-m/nofp/libc_nano.a(lib_a-init.o)
                0x0000000008001cd4                __libc_init_array
 .text.memset   0x0000000008001d1c       0x10 /opt/st/stm32cubeide_1.8.0/plugins/com.st.stm32cube.ide.mcu.externaltools.gnu-tools-for-stm32.9-2020-q2-update.linux64_2.0.0.202105311346/tools/bin/../lib/gcc/arm-none-eabi/9.3.1/../../../../arm-none-eabi/lib/thumb/v6-m/nofp/libc_nano.a(lib_a-memset.o)
                0x0000000008001d1c                memset
 *(.glue_7)
 .glue_7        0x0000000008001d2c        0x0 linker stubs
 *(.glue_7t)
 .glue_7t       0x0000000008001d2c        0x0 linker stubs
 *(.eh_frame)
 .eh_frame      0x0000000008001d2c        0x0 /opt/st/stm32cubeide_1.8.0/plugins/com.st.stm32cube.ide.mcu.externaltools.gnu-tools-for-stm32.9-2020-q2-update.linux64_2.0.0.202105311346/tools/bin/../lib/gcc/arm-none-eabi/9.3.1/thumb/v6-m/nofp/crtbegin.o
 *(.init)
 .init          0x0000000008001d2c        0x4 /opt/st/stm32cubeide_1.8.0/plugins/com.st.stm32cube.ide.mcu.externaltools.gnu-tools-for-stm32.9-2020-q2-update.linux64_2.0.0.202105311346/tools/bin/../lib/gcc/arm-none-eabi/9.3.1/thumb/v6-m/nofp/crti.o
                0x0000000008001d2c                _init
 .init          0x0000000008001d30        0x8 /opt/st/stm32cubeide_1.8.0/plugins/com.st.stm32cube.ide.mcu.externaltools.gnu-tools-for-stm32.9-2020-q2-update.linux64_2.0.0.202105311346/tools/bin/../lib/gcc/arm-none-eabi/9.3.1/thumb/v6-m/nofp/crtn.o
 *(.fini)
 .fini          0x0000000008001d38        0x4 /opt/st/stm32cubeide_1.8.0/plugins/com.st.stm32cube.ide.mcu.externaltools.gnu-tools-for-stm32.9-2020-q2-update.linux64_2.0.0.202105311346/tools/bin/../lib/gcc/arm-none-eabi/9.3.1/thumb/v6-m/nofp/crti.o
                0x0000000008001d38                _fini
 .fini          0x0000000008001d3c        0x8 /opt/st/stm32cubeide_1.8.0/plugins/com.st.stm32cube.ide.mcu.externaltools.gnu-tools-for-stm32.9-2020-q2-update.linux64_2.0.0.202105311346/tools/bin/../lib/gcc/arm-none-eabi/9.3.1/thumb/v6-m/nofp/crtn.o
                0x0000000008001d44                . = ALIGN (0x4)
                0x0000000008001d44                _etext = .

.vfp11_veneer   0x0000000008001d44        0x0
 .vfp11_veneer  0x0000000008001d44        0x0 linker stubs

.v4_bx          0x0000000008001d44        0x0
 .v4_bx         0x0000000008001d44        0x0 linker stubs

.iplt           0x0000000008001d44        0x0
 .iplt          0x0000000008001d44        0x0 /opt/st/stm32cubeide_1.8.0/plugins/com.st.stm32cube.ide.mcu.externaltools.gnu-tools-for-stm32.9-2020-q2-update.linux64_2.0.0.202105311346/tools/bin/../lib/gcc/arm-none-eabi/9.3.1/thumb/v6-m/nofp/crtbegin.o

.rodata         0x0000000008001d44      0x330
                0x0000000008001d44                . = ALIGN (0x4)
 *(.rodata)
 .rodata        0x0000000008001d44       0x7e ./Core/Src/main.o
 *fill*         0x0000000008001dc2        0x2 
 .rodata        0x0000000008001dc4       0x20 ./Drivers/STM32F0xx_HAL_Driver/Src/stm32f0xx_hal_rcc.o
 *(.rodata*)
 .rodata.font_arr
                0x0000000008001de4      0x280 ./Core/Src/lcd_n1202.o
                0x0000000008001de4                font_arr
 .rodata.AHBPrescTable
                0x0000000008002064       0x10 ./Core/Src/system_stm32f0xx.o
                0x0000000008002064                AHBPrescTable
                0x0000000008002074                . = ALIGN (0x4)

.rel.dyn        0x0000000008002074        0x0
 .rel.iplt      0x0000000008002074        0x0 /opt/st/stm32cubeide_1.8.0/plugins/com.st.stm32cube.ide.mcu.externaltools.gnu-tools-for-stm32.9-2020-q2-update.linux64_2.0.0.202105311346/tools/bin/../lib/gcc/arm-none-eabi/9.3.1/thumb/v6-m/nofp/crtbegin.o

.ARM.extab      0x0000000008002074        0x0
                0x0000000008002074                . = ALIGN (0x4)
 *(.ARM.extab* .gnu.linkonce.armextab.*)
                0x0000000008002074                . = ALIGN (0x4)

.ARM            0x0000000008002074        0x0
                0x0000000008002074                . = ALIGN (0x4)
                0x0000000008002074                __exidx_start = .
 *(.ARM.exidx*)
                0x0000000008002074                __exidx_end = .
                0x0000000008002074                . = ALIGN (0x4)

.preinit_array  0x0000000008002074        0x0
                0x0000000008002074                . = ALIGN (0x4)
                0x0000000008002074                PROVIDE (__preinit_array_start = .)
 *(.preinit_array*)
                0x0000000008002074                PROVIDE (__preinit_array_end = .)
                0x0000000008002074                . = ALIGN (0x4)

.init_array     0x0000000008002074        0x4
                0x0000000008002074                . = ALIGN (0x4)
                0x0000000008002074                PROVIDE (__init_array_start = .)
 *(SORT_BY_NAME(.init_array.*))
 *(.init_array*)
 .init_array    0x0000000008002074        0x4 /opt/st/stm32cubeide_1.8.0/plugins/com.st.stm32cube.ide.mcu.externaltools.gnu-tools-for-stm32.9-2020-q2-update.linux64_2.0.0.202105311346/tools/bin/../lib/gcc/arm-none-eabi/9.3.1/thumb/v6-m/nofp/crtbegin.o
                0x0000000008002078                PROVIDE (__init_array_end = .)
                0x0000000008002078                . = ALIGN (0x4)

.fini_array     0x0000000008002078        0x4
                0x0000000008002078                . = ALIGN (0x4)
                [!provide]                        PROVIDE (__fini_array_start = .)
 *(SORT_BY_NAME(.fini_array.*))
 *(.fini_array*)
 .fini_array    0x0000000008002078        0x4 /opt/st/stm32cubeide_1.8.0/plugins/com.st.stm32cube.ide.mcu.externaltools.gnu-tools-for-stm32.9-2020-q2-update.linux64_2.0.0.202105311346/tools/bin/../lib/gcc/arm-none-eabi/9.3.1/thumb/v6-m/nofp/crtbegin.o
                [!provide]                        PROVIDE (__fini_array_end = .)
                0x000000000800207c                . = ALIGN (0x4)
                0x000000000800207c                _sidata = LOADADDR (.data)

.data           0x0000000020000000       0x28 load address 0x000000000800207c
                0x0000000020000000                . = ALIGN (0x4)
                0x0000000020000000                _sdata = .
 *(.data)
 *(.data*)
 .data.dsine    0x0000000020000000        0xa ./Core/Src/main.o
                0x0000000020000000                dsine
 *fill*         0x000000002000000a        0x2 
 .data.dtri     0x000000002000000c        0xe ./Core/Src/main.o
                0x000000002000000c                dtri
 *fill*         0x000000002000001a        0x2 
 .data.SystemCoreClock
                0x000000002000001c        0x4 ./Core/Src/system_stm32f0xx.o
                0x000000002000001c                SystemCoreClock
 .data.uwTickPrio
                0x0000000020000020        0x4 ./Drivers/STM32F0xx_HAL_Driver/Src/stm32f0xx_hal.o
                0x0000000020000020                uwTickPrio
 .data.uwTickFreq
                0x0000000020000024        0x1 ./Drivers/STM32F0xx_HAL_Driver/Src/stm32f0xx_hal.o
                0x0000000020000024                uwTickFreq
 *(.RamFunc)
 *(.RamFunc*)
                0x0000000020000028                . = ALIGN (0x4)
 *fill*         0x0000000020000025        0x3 
                0x0000000020000028                _edata = .

.igot.plt       0x0000000020000028        0x0 load address 0x00000000080020a4
 .igot.plt      0x0000000020000028        0x0 /opt/st/stm32cubeide_1.8.0/plugins/com.st.stm32cube.ide.mcu.externaltools.gnu-tools-for-stm32.9-2020-q2-update.linux64_2.0.0.202105311346/tools/bin/../lib/gcc/arm-none-eabi/9.3.1/thumb/v6-m/nofp/crtbegin.o
                0x0000000020000028                . = ALIGN (0x4)

.bss            0x0000000020000028       0x20 load address 0x00000000080020a4
                0x0000000020000028                _sbss = .
                0x0000000020000028                __bss_start__ = _sbss
 *(.bss)
 .bss           0x0000000020000028       0x1c /opt/st/stm32cubeide_1.8.0/plugins/com.st.stm32cube.ide.mcu.externaltools.gnu-tools-for-stm32.9-2020-q2-update.linux64_2.0.0.202105311346/tools/bin/../lib/gcc/arm-none-eabi/9.3.1/thumb/v6-m/nofp/crtbegin.o
 *(.bss*)
 *(COMMON)
 COMMON         0x0000000020000044        0x4 ./Drivers/STM32F0xx_HAL_Driver/Src/stm32f0xx_hal.o
                0x0000000020000044                uwTick
                0x0000000020000048                . = ALIGN (0x4)
                0x0000000020000048                _ebss = .
                0x0000000020000048                __bss_end__ = _ebss

._user_heap_stack
                0x0000000020000048      0x600 load address 0x00000000080020a4
                0x0000000020000048                . = ALIGN (0x8)
                [!provide]                        PROVIDE (end = .)
                0x0000000020000048                PROVIDE (_end = .)
                0x0000000020000248                . = (. + _Min_Heap_Size)
 *fill*         0x0000000020000048      0x200 
                0x0000000020000648                . = (. + _Min_Stack_Size)
 *fill*         0x0000000020000248      0x400 
                0x0000000020000648                . = ALIGN (0x8)

/DISCARD/
 libc.a(*)
 libm.a(*)
 libgcc.a(*)

.ARM.attributes
                0x0000000000000000       0x28
 *(.ARM.attributes)
 .ARM.attributes
                0x0000000000000000       0x1e /opt/st/stm32cubeide_1.8.0/plugins/com.st.stm32cube.ide.mcu.externaltools.gnu-tools-for-stm32.9-2020-q2-update.linux64_2.0.0.202105311346/tools/bin/../lib/gcc/arm-none-eabi/9.3.1/thumb/v6-m/nofp/crti.o
 .ARM.attributes
                0x000000000000001e       0x2c /opt/st/stm32cubeide_1.8.0/plugins/com.st.stm32cube.ide.mcu.externaltools.gnu-tools-for-stm32.9-2020-q2-update.linux64_2.0.0.202105311346/tools/bin/../lib/gcc/arm-none-eabi/9.3.1/thumb/v6-m/nofp/crtbegin.o
 .ARM.attributes
                0x000000000000004a       0x2c ./Core/Src/lcd_n1202.o
 .ARM.attributes
                0x0000000000000076       0x2c ./Core/Src/lcd_n1202_stm32f.o
 .ARM.attributes
                0x00000000000000a2       0x2c ./Core/Src/main.o
 .ARM.attributes
                0x00000000000000ce       0x2c ./Core/Src/stm32f0xx_hal_msp.o
 .ARM.attributes
                0x00000000000000fa       0x2c ./Core/Src/stm32f0xx_it.o
 .ARM.attributes
                0x0000000000000126       0x2c ./Core/Src/system_stm32f0xx.o
 .ARM.attributes
                0x0000000000000152       0x21 ./Core/Startup/startup_stm32f030k6tx.o
 .ARM.attributes
                0x0000000000000173       0x2c ./Drivers/STM32F0xx_HAL_Driver/Src/stm32f0xx_hal.o
 .ARM.attributes
                0x000000000000019f       0x2c ./Drivers/STM32F0xx_HAL_Driver/Src/stm32f0xx_hal_cortex.o
 .ARM.attributes
                0x00000000000001cb       0x2c ./Drivers/STM32F0xx_HAL_Driver/Src/stm32f0xx_hal_gpio.o
 .ARM.attributes
                0x00000000000001f7       0x2c ./Drivers/STM32F0xx_HAL_Driver/Src/stm32f0xx_hal_rcc.o
 .ARM.attributes
                0x0000000000000223       0x2c /opt/st/stm32cubeide_1.8.0/plugins/com.st.stm32cube.ide.mcu.externaltools.gnu-tools-for-stm32.9-2020-q2-update.linux64_2.0.0.202105311346/tools/bin/../lib/gcc/arm-none-eabi/9.3.1/../../../../arm-none-eabi/lib/thumb/v6-m/nofp/libc_nano.a(lib_a-init.o)
 .ARM.attributes
                0x000000000000024f       0x2c /opt/st/stm32cubeide_1.8.0/plugins/com.st.stm32cube.ide.mcu.externaltools.gnu-tools-for-stm32.9-2020-q2-update.linux64_2.0.0.202105311346/tools/bin/../lib/gcc/arm-none-eabi/9.3.1/../../../../arm-none-eabi/lib/thumb/v6-m/nofp/libc_nano.a(lib_a-memset.o)
 .ARM.attributes
                0x000000000000027b       0x1e /opt/st/stm32cubeide_1.8.0/plugins/com.st.stm32cube.ide.mcu.externaltools.gnu-tools-for-stm32.9-2020-q2-update.linux64_2.0.0.202105311346/tools/bin/../lib/gcc/arm-none-eabi/9.3.1/thumb/v6-m/nofp/libgcc.a(_udivsi3.o)
 .ARM.attributes
                0x0000000000000299       0x1e /opt/st/stm32cubeide_1.8.0/plugins/com.st.stm32cube.ide.mcu.externaltools.gnu-tools-for-stm32.9-2020-q2-update.linux64_2.0.0.202105311346/tools/bin/../lib/gcc/arm-none-eabi/9.3.1/thumb/v6-m/nofp/libgcc.a(_dvmd_tls.o)
 .ARM.attributes
                0x00000000000002b7       0x1e /opt/st/stm32cubeide_1.8.0/plugins/com.st.stm32cube.ide.mcu.externaltools.gnu-tools-for-stm32.9-2020-q2-update.linux64_2.0.0.202105311346/tools/bin/../lib/gcc/arm-none-eabi/9.3.1/thumb/v6-m/nofp/crtn.o
OUTPUT(STM32F_LCDN1202.elf elf32-littlearm)
LOAD linker stubs
LOAD /opt/st/stm32cubeide_1.8.0/plugins/com.st.stm32cube.ide.mcu.externaltools.gnu-tools-for-stm32.9-2020-q2-update.linux64_2.0.0.202105311346/tools/bin/../lib/gcc/arm-none-eabi/9.3.1/../../../../arm-none-eabi/lib/thumb/v6-m/nofp/libc.a
LOAD /opt/st/stm32cubeide_1.8.0/plugins/com.st.stm32cube.ide.mcu.externaltools.gnu-tools-for-stm32.9-2020-q2-update.linux64_2.0.0.202105311346/tools/bin/../lib/gcc/arm-none-eabi/9.3.1/../../../../arm-none-eabi/lib/thumb/v6-m/nofp/libm.a
LOAD /opt/st/stm32cubeide_1.8.0/plugins/com.st.stm32cube.ide.mcu.externaltools.gnu-tools-for-stm32.9-2020-q2-update.linux64_2.0.0.202105311346/tools/bin/../lib/gcc/arm-none-eabi/9.3.1/thumb/v6-m/nofp/libgcc.a

.debug_info     0x0000000000000000     0x31ec
 .debug_info    0x0000000000000000      0x4b5 ./Core/Src/lcd_n1202.o
 .debug_info    0x00000000000004b5      0x420 ./Core/Src/lcd_n1202_stm32f.o
 .debug_info    0x00000000000008d5      0x444 ./Core/Src/main.o
 .debug_info    0x0000000000000d19      0x27d ./Core/Src/stm32f0xx_hal_msp.o
 .debug_info    0x0000000000000f96      0x1b3 ./Core/Src/stm32f0xx_it.o
 .debug_info    0x0000000000001149      0x2c3 ./Core/Src/system_stm32f0xx.o
 .debug_info    0x000000000000140c       0x22 ./Core/Startup/startup_stm32f030k6tx.o
 .debug_info    0x000000000000142e      0x6be ./Drivers/STM32F0xx_HAL_Driver/Src/stm32f0xx_hal.o
 .debug_info    0x0000000000001aec      0x7a0 ./Drivers/STM32F0xx_HAL_Driver/Src/stm32f0xx_hal_cortex.o
 .debug_info    0x000000000000228c      0x6d3 ./Drivers/STM32F0xx_HAL_Driver/Src/stm32f0xx_hal_gpio.o
 .debug_info    0x000000000000295f      0x88d ./Drivers/STM32F0xx_HAL_Driver/Src/stm32f0xx_hal_rcc.o

.debug_abbrev   0x0000000000000000     0x1102
 .debug_abbrev  0x0000000000000000      0x155 ./Core/Src/lcd_n1202.o
 .debug_abbrev  0x0000000000000155      0x197 ./Core/Src/lcd_n1202_stm32f.o
 .debug_abbrev  0x00000000000002ec      0x1e6 ./Core/Src/main.o
 .debug_abbrev  0x00000000000004d2      0x11d ./Core/Src/stm32f0xx_hal_msp.o
 .debug_abbrev  0x00000000000005ef       0xd2 ./Core/Src/stm32f0xx_it.o
 .debug_abbrev  0x00000000000006c1      0x145 ./Core/Src/system_stm32f0xx.o
 .debug_abbrev  0x0000000000000806       0x12 ./Core/Startup/startup_stm32f030k6tx.o
 .debug_abbrev  0x0000000000000818      0x21e ./Drivers/STM32F0xx_HAL_Driver/Src/stm32f0xx_hal.o
 .debug_abbrev  0x0000000000000a36      0x2a9 ./Drivers/STM32F0xx_HAL_Driver/Src/stm32f0xx_hal_cortex.o
 .debug_abbrev  0x0000000000000cdf      0x1e8 ./Drivers/STM32F0xx_HAL_Driver/Src/stm32f0xx_hal_gpio.o
 .debug_abbrev  0x0000000000000ec7      0x23b ./Drivers/STM32F0xx_HAL_Driver/Src/stm32f0xx_hal_rcc.o

.debug_aranges  0x0000000000000000      0x458
 .debug_aranges
                0x0000000000000000       0x98 ./Core/Src/lcd_n1202.o
 .debug_aranges
                0x0000000000000098       0x40 ./Core/Src/lcd_n1202_stm32f.o
 .debug_aranges
                0x00000000000000d8       0x68 ./Core/Src/main.o
 .debug_aranges
                0x0000000000000140       0x20 ./Core/Src/stm32f0xx_hal_msp.o
 .debug_aranges
                0x0000000000000160       0x40 ./Core/Src/stm32f0xx_it.o
 .debug_aranges
                0x00000000000001a0       0x28 ./Core/Src/system_stm32f0xx.o
 .debug_aranges
                0x00000000000001c8       0x28 ./Core/Startup/startup_stm32f030k6tx.o
 .debug_aranges
                0x00000000000001f0       0xd0 ./Drivers/STM32F0xx_HAL_Driver/Src/stm32f0xx_hal.o
 .debug_aranges
                0x00000000000002c0       0xc0 ./Drivers/STM32F0xx_HAL_Driver/Src/stm32f0xx_hal_cortex.o
 .debug_aranges
                0x0000000000000380       0x58 ./Drivers/STM32F0xx_HAL_Driver/Src/stm32f0xx_hal_gpio.o
 .debug_aranges
                0x00000000000003d8       0x80 ./Drivers/STM32F0xx_HAL_Driver/Src/stm32f0xx_hal_rcc.o

.debug_ranges   0x0000000000000000      0x3b0
 .debug_ranges  0x0000000000000000       0x88 ./Core/Src/lcd_n1202.o
 .debug_ranges  0x0000000000000088       0x30 ./Core/Src/lcd_n1202_stm32f.o
 .debug_ranges  0x00000000000000b8       0x58 ./Core/Src/main.o
 .debug_ranges  0x0000000000000110       0x10 ./Core/Src/stm32f0xx_hal_msp.o
 .debug_ranges  0x0000000000000120       0x30 ./Core/Src/stm32f0xx_it.o
 .debug_ranges  0x0000000000000150       0x18 ./Core/Src/system_stm32f0xx.o
 .debug_ranges  0x0000000000000168       0x20 ./Core/Startup/startup_stm32f030k6tx.o
 .debug_ranges  0x0000000000000188       0xc0 ./Drivers/STM32F0xx_HAL_Driver/Src/stm32f0xx_hal.o
 .debug_ranges  0x0000000000000248       0xb0 ./Drivers/STM32F0xx_HAL_Driver/Src/stm32f0xx_hal_cortex.o
 .debug_ranges  0x00000000000002f8       0x48 ./Drivers/STM32F0xx_HAL_Driver/Src/stm32f0xx_hal_gpio.o
 .debug_ranges  0x0000000000000340       0x70 ./Drivers/STM32F0xx_HAL_Driver/Src/stm32f0xx_hal_rcc.o

.debug_macro    0x0000000000000000     0xe294
 .debug_macro   0x0000000000000000      0x1bf ./Core/Src/lcd_n1202.o
 .debug_macro   0x00000000000001bf      0xa7e ./Core/Src/lcd_n1202.o
 .debug_macro   0x0000000000000c3d      0x127 ./Core/Src/lcd_n1202.o
 .debug_macro   0x0000000000000d64       0x2e ./Core/Src/lcd_n1202.o
 .debug_macro   0x0000000000000d92       0x22 ./Core/Src/lcd_n1202.o
 .debug_macro   0x0000000000000db4       0x22 ./Core/Src/lcd_n1202.o
 .debug_macro   0x0000000000000dd6       0x8e ./Core/Src/lcd_n1202.o
 .debug_macro   0x0000000000000e64       0x51 ./Core/Src/lcd_n1202.o
 .debug_macro   0x0000000000000eb5      0x103 ./Core/Src/lcd_n1202.o
 .debug_macro   0x0000000000000fb8       0x6a ./Core/Src/lcd_n1202.o
 .debug_macro   0x0000000000001022      0x1df ./Core/Src/lcd_n1202.o
 .debug_macro   0x0000000000001201       0x1c ./Core/Src/lcd_n1202.o
 .debug_macro   0x000000000000121d       0x22 ./Core/Src/lcd_n1202.o
 .debug_macro   0x000000000000123f       0xb5 ./Core/Src/lcd_n1202.o
 .debug_macro   0x00000000000012f4      0x391 ./Core/Src/lcd_n1202.o
 .debug_macro   0x0000000000001685     0x6e67 ./Core/Src/lcd_n1202.o
 .debug_macro   0x00000000000084ec       0x66 ./Core/Src/lcd_n1202.o
 .debug_macro   0x0000000000008552     0x34a6 ./Core/Src/lcd_n1202.o
 .debug_macro   0x000000000000b9f8      0x174 ./Core/Src/lcd_n1202.o
 .debug_macro   0x000000000000bb6c       0x55 ./Core/Src/lcd_n1202.o
 .debug_macro   0x000000000000bbc1      0x924 ./Core/Src/lcd_n1202.o
 .debug_macro   0x000000000000c4e5       0xe5 ./Core/Src/lcd_n1202.o
 .debug_macro   0x000000000000c5ca      0x1af ./Core/Src/lcd_n1202.o
 .debug_macro   0x000000000000c779       0xb3 ./Core/Src/lcd_n1202.o
 .debug_macro   0x000000000000c82c      0x1a0 ./Core/Src/lcd_n1202.o
 .debug_macro   0x000000000000c9cc      0x1ed ./Core/Src/lcd_n1202.o
 .debug_macro   0x000000000000cbb9       0x34 ./Core/Src/lcd_n1202.o
 .debug_macro   0x000000000000cbed       0x43 ./Core/Src/lcd_n1202.o
 .debug_macro   0x000000000000cc30       0x28 ./Core/Src/lcd_n1202.o
 .debug_macro   0x000000000000cc58       0xb0 ./Core/Src/lcd_n1202.o
 .debug_macro   0x000000000000cd08      0x15a ./Core/Src/lcd_n1202.o
 .debug_macro   0x000000000000ce62      0x22c ./Core/Src/lcd_n1202.o
 .debug_macro   0x000000000000d08e       0x61 ./Core/Src/lcd_n1202.o
 .debug_macro   0x000000000000d0ef       0xa5 ./Core/Src/lcd_n1202.o
 .debug_macro   0x000000000000d194       0x4c ./Core/Src/lcd_n1202.o
 .debug_macro   0x000000000000d1e0       0x2b ./Core/Src/lcd_n1202.o
 .debug_macro   0x000000000000d20b       0xf1 ./Core/Src/lcd_n1202.o
 .debug_macro   0x000000000000d2fc       0x88 ./Core/Src/lcd_n1202.o
 .debug_macro   0x000000000000d384       0x2e ./Core/Src/lcd_n1202.o
 .debug_macro   0x000000000000d3b2      0x1ac ./Core/Src/lcd_n1202_stm32f.o
 .debug_macro   0x000000000000d55e      0x1ac ./Core/Src/main.o
 .debug_macro   0x000000000000d70a      0x1a3 ./Core/Src/stm32f0xx_hal_msp.o
 .debug_macro   0x000000000000d8ad      0x1ad ./Core/Src/stm32f0xx_it.o
 .debug_macro   0x000000000000da5a      0x199 ./Core/Src/system_stm32f0xx.o
 .debug_macro   0x000000000000dbf3      0x1bd ./Drivers/STM32F0xx_HAL_Driver/Src/stm32f0xx_hal.o
 .debug_macro   0x000000000000ddb0      0x199 ./Drivers/STM32F0xx_HAL_Driver/Src/stm32f0xx_hal_cortex.o
 .debug_macro   0x000000000000df49      0x1a0 ./Drivers/STM32F0xx_HAL_Driver/Src/stm32f0xx_hal_gpio.o
 .debug_macro   0x000000000000e0e9      0x1ab ./Drivers/STM32F0xx_HAL_Driver/Src/stm32f0xx_hal_rcc.o

.debug_line     0x0000000000000000     0x5709
 .debug_line    0x0000000000000000      0x944 ./Core/Src/lcd_n1202.o
 .debug_line    0x0000000000000944      0x71b ./Core/Src/lcd_n1202_stm32f.o
 .debug_line    0x000000000000105f      0x8d5 ./Core/Src/main.o
 .debug_line    0x0000000000001934      0x65a ./Core/Src/stm32f0xx_hal_msp.o
 .debug_line    0x0000000000001f8e      0x6bf ./Core/Src/stm32f0xx_it.o
 .debug_line    0x000000000000264d      0x6ca ./Core/Src/system_stm32f0xx.o
 .debug_line    0x0000000000002d17       0x89 ./Core/Startup/startup_stm32f030k6tx.o
 .debug_line    0x0000000000002da0      0x8d5 ./Drivers/STM32F0xx_HAL_Driver/Src/stm32f0xx_hal.o
 .debug_line    0x0000000000003675      0x981 ./Drivers/STM32F0xx_HAL_Driver/Src/stm32f0xx_hal_cortex.o
 .debug_line    0x0000000000003ff6      0xa52 ./Drivers/STM32F0xx_HAL_Driver/Src/stm32f0xx_hal_gpio.o
 .debug_line    0x0000000000004a48      0xcc1 ./Drivers/STM32F0xx_HAL_Driver/Src/stm32f0xx_hal_rcc.o

.debug_str      0x0000000000000000    0x537cd
 .debug_str     0x0000000000000000    0x529a3 ./Core/Src/lcd_n1202.o
                                      0x52c10 (size before relaxing)
 .debug_str     0x00000000000529a3      0x166 ./Core/Src/lcd_n1202_stm32f.o
                                      0x52a85 (size before relaxing)
 .debug_str     0x0000000000052b09      0x1e0 ./Core/Src/main.o
                                      0x52c02 (size before relaxing)
 .debug_str     0x0000000000052ce9       0x2c ./Core/Src/stm32f0xx_hal_msp.o
                                      0x52922 (size before relaxing)
 .debug_str     0x0000000000052d15       0x76 ./Core/Src/stm32f0xx_it.o
                                      0x52912 (size before relaxing)
 .debug_str     0x0000000000052d8b       0x5f ./Core/Src/system_stm32f0xx.o
                                      0x52944 (size before relaxing)
 .debug_str     0x0000000000052dea       0x36 ./Core/Startup/startup_stm32f030k6tx.o
                                         0x83 (size before relaxing)
 .debug_str     0x0000000000052e20      0x413 ./Drivers/STM32F0xx_HAL_Driver/Src/stm32f0xx_hal.o
                                      0x52e1b (size before relaxing)
 .debug_str     0x0000000000053233      0x204 ./Drivers/STM32F0xx_HAL_Driver/Src/stm32f0xx_hal_cortex.o
                                      0x52ccf (size before relaxing)
 .debug_str     0x0000000000053437      0x156 ./Drivers/STM32F0xx_HAL_Driver/Src/stm32f0xx_hal_gpio.o
                                      0x52b23 (size before relaxing)
 .debug_str     0x000000000005358d      0x240 ./Drivers/STM32F0xx_HAL_Driver/Src/stm32f0xx_hal_rcc.o
                                      0x52d4e (size before relaxing)

.comment        0x0000000000000000       0x53
 .comment       0x0000000000000000       0x53 ./Core/Src/lcd_n1202.o
                                         0x54 (size before relaxing)
 .comment       0x0000000000000053       0x54 ./Core/Src/lcd_n1202_stm32f.o
 .comment       0x0000000000000053       0x54 ./Core/Src/main.o
 .comment       0x0000000000000053       0x54 ./Core/Src/stm32f0xx_hal_msp.o
 .comment       0x0000000000000053       0x54 ./Core/Src/stm32f0xx_it.o
 .comment       0x0000000000000053       0x54 ./Core/Src/system_stm32f0xx.o
 .comment       0x0000000000000053       0x54 ./Drivers/STM32F0xx_HAL_Driver/Src/stm32f0xx_hal.o
 .comment       0x0000000000000053       0x54 ./Drivers/STM32F0xx_HAL_Driver/Src/stm32f0xx_hal_cortex.o
 .comment       0x0000000000000053       0x54 ./Drivers/STM32F0xx_HAL_Driver/Src/stm32f0xx_hal_gpio.o
 .comment       0x0000000000000053       0x54 ./Drivers/STM32F0xx_HAL_Driver/Src/stm32f0xx_hal_rcc.o

.debug_frame    0x0000000000000000      0xd48
 .debug_frame   0x0000000000000000      0x1f8 ./Core/Src/lcd_n1202.o
 .debug_frame   0x00000000000001f8       0xa4 ./Core/Src/lcd_n1202_stm32f.o
 .debug_frame   0x000000000000029c      0x13c ./Core/Src/main.o
 .debug_frame   0x00000000000003d8       0x30 ./Core/Src/stm32f0xx_hal_msp.o
 .debug_frame   0x0000000000000408       0x9c ./Core/Src/stm32f0xx_it.o
 .debug_frame   0x00000000000004a4       0x4c ./Core/Src/system_stm32f0xx.o
 .debug_frame   0x00000000000004f0      0x2a4 ./Drivers/STM32F0xx_HAL_Driver/Src/stm32f0xx_hal.o
 .debug_frame   0x0000000000000794      0x2a0 ./Drivers/STM32F0xx_HAL_Driver/Src/stm32f0xx_hal_cortex.o
 .debug_frame   0x0000000000000a34      0x110 ./Drivers/STM32F0xx_HAL_Driver/Src/stm32f0xx_hal_gpio.o
 .debug_frame   0x0000000000000b44      0x198 ./Drivers/STM32F0xx_HAL_Driver/Src/stm32f0xx_hal_rcc.o
 .debug_frame   0x0000000000000cdc       0x2c /opt/st/stm32cubeide_1.8.0/plugins/com.st.stm32cube.ide.mcu.externaltools.gnu-tools-for-stm32.9-2020-q2-update.linux64_2.0.0.202105311346/tools/bin/../lib/gcc/arm-none-eabi/9.3.1/../../../../arm-none-eabi/lib/thumb/v6-m/nofp/libc_nano.a(lib_a-init.o)
 .debug_frame   0x0000000000000d08       0x20 /opt/st/stm32cubeide_1.8.0/plugins/com.st.stm32cube.ide.mcu.externaltools.gnu-tools-for-stm32.9-2020-q2-update.linux64_2.0.0.202105311346/tools/bin/../lib/gcc/arm-none-eabi/9.3.1/../../../../arm-none-eabi/lib/thumb/v6-m/nofp/libc_nano.a(lib_a-memset.o)
 .debug_frame   0x0000000000000d28       0x20 /opt/st/stm32cubeide_1.8.0/plugins/com.st.stm32cube.ide.mcu.externaltools.gnu-tools-for-stm32.9-2020-q2-update.linux64_2.0.0.202105311346/tools/bin/../lib/gcc/arm-none-eabi/9.3.1/thumb/v6-m/nofp/libgcc.a(_udivsi3.o)
