lcd_n1202.c:9:6:lcdn1202_init	8	static
lcd_n1202.c:33:6:lcdn1202_sendcom	16	static
lcd_n1202.c:38:6:lcdn1202_senddat	16	static
lcd_n1202.c:43:6:lcdn1202_setpos	16	static
lcd_n1202.c:50:6:lcdn1202_clear	16	static
lcd_n1202.c:63:6:LCD_setpos	16	static
lcd_n1202.c:68:6:LCD_drawbyte	16	static
lcd_n1202.c:73:6:LCD_drawchar	40	static
lcd_n1202.c:102:6:LCD_drawtext	24	static
lcd_n1202.c:113:6:LCD_drawint	40	static
lcd_n1202.c:138:6:LCD_clear	8	static
lcd_n1202.c:145:6:LCD_clearblock	32	static
lcd_n1202.c:156:6:LCD_normal	8	static
lcd_n1202.c:161:6:LCD_reverse	8	static
lcd_n1202.c:166:6:LCD_BL_ON	8	static
lcd_n1202.c:171:6:LCD_BL_OFF	8	static
